
--- Launching Kiosk GUI at Mon Aug 24 12:31:33 2026 ---
objc[22030]: Class SDLApplication is implemented in both /Users/louiseadrianvnonog/Library/Python/3.9/lib/python/site-packages/cv2/.dylibs/libSDL2-2.0.0.dylib (0x1123d4890) and /Users/louiseadrianvnonog/Library/Python/3.9/lib/python/site-packages/pygame/.dylibs/libSDL2-2.0.0.dylib (0x113c412c8). This may cause spurious casting failures and mysterious crashes. One of the duplicates must be removed or renamed.
objc[22030]: Class SDLAppDelegate is implemented in both /Users/louiseadrianvnonog/Library/Python/3.9/lib/python/site-packages/cv2/.dylibs/libSDL2-2.0.0.dylib (0x1123d48e0) and /Users/louiseadrianvnonog/Library/Python/3.9/lib/python/site-packages/pygame/.dylibs/libSDL2-2.0.0.dylib (0x113c41318). This may cause spurious casting failures and mysterious crashes. One of the duplicates must be removed or renamed.
objc[22030]: Class SDLTranslatorResponder is implemented in both /Users/louiseadrianvnonog/Library/Python/3.9/lib/python/site-packages/cv2/.dylibs/libSDL2-2.0.0.dylib (0x1123d4958) and /Users/louiseadrianvnonog/Library/Python/3.9/lib/python/site-packages/pygame/.dylibs/libSDL2-2.0.0.dylib (0x113c41390). This may cause spurious casting failures and mysterious crashes. One of the duplicates must be removed or renamed.
objc[22030]: Class SDLMessageBoxPresenter is implemented in both /Users/louiseadrianvnonog/Library/Python/3.9/lib/python/site-packages/cv2/.dylibs/libSDL2-2.0.0.dylib (0x1123d4980) and /Users/louiseadrianvnonog/Library/Python/3.9/lib/python/site-packages/pygame/.dylibs/libSDL2-2.0.0.dylib (0x113c413b8). This may cause spurious casting failures and mysterious crashes. One of the duplicates must be removed or renamed.
objc[22030]: Class SDL_cocoametalview is implemented in both /Users/louiseadrianvnonog/Library/Python/3.9/lib/python/site-packages/cv2/.dylibs/libSDL2-2.0.0.dylib (0x1123d49d0) and /Users/louiseadrianvnonog/Library/Python/3.9/lib/python/site-packages/pygame/.dylibs/libSDL2-2.0.0.dylib (0x113c41408). This may cause spurious casting failures and mysterious crashes. One of the duplicates must be removed or renamed.
objc[22030]: Class SDLOpenGLContext is implemented in both /Users/louiseadrianvnonog/Library/Python/3.9/lib/python/site-packages/cv2/.dylibs/libSDL2-2.0.0.dylib (0x1123d4a20) and /Users/louiseadrianvnonog/Library/Python/3.9/lib/python/site-packages/pygame/.dylibs/libSDL2-2.0.0.dylib (0x113c41458). This may cause spurious casting failures and mysterious crashes. One of the duplicates must be removed or renamed.
objc[22030]: Class SDL_ShapeData is implemented in both /Users/louiseadrianvnonog/Library/Python/3.9/lib/python/site-packages/cv2/.dylibs/libSDL2-2.0.0.dylib (0x1123d4a98) and /Users/louiseadrianvnonog/Library/Python/3.9/lib/python/site-packages/pygame/.dylibs/libSDL2-2.0.0.dylib (0x113c414d0). This may cause spurious casting failures and mysterious crashes. One of the duplicates must be removed or renamed.
objc[22030]: Class SDL_CocoaClosure is implemented in both /Users/louiseadrianvnonog/Library/Python/3.9/lib/python/site-packages/cv2/.dylibs/libSDL2-2.0.0.dylib (0x1123d4ae8) and /Users/louiseadrianvnonog/Library/Python/3.9/lib/python/site-packages/pygame/.dylibs/libSDL2-2.0.0.dylib (0x113c41520). This may cause spurious casting failures and mysterious crashes. One of the duplicates must be removed or renamed.
objc[22030]: Class SDL_VideoData is implemented in both /Users/louiseadrianvnonog/Library/Python/3.9/lib/python/site-packages/cv2/.dylibs/libSDL2-2.0.0.dylib (0x1123d4b38) and /Users/louiseadrianvnonog/Library/Python/3.9/lib/python/site-packages/pygame/.dylibs/libSDL2-2.0.0.dylib (0x113c41570). This may cause spurious casting failures and mysterious crashes. One of the duplicates must be removed or renamed.
objc[22030]: Class SDL_WindowData is implemented in both /Users/louiseadrianvnonog/Library/Python/3.9/lib/python/site-packages/cv2/.dylibs/libSDL2-2.0.0.dylib (0x1123d4b88) and /Users/louiseadrianvnonog/Library/Python/3.9/lib/python/site-packages/pygame/.dylibs/libSDL2-2.0.0.dylib (0x113c415c0). This may cause spurious casting failures and mysterious crashes. One of the duplicates must be removed or renamed.
objc[22030]: Class SDLWindow is implemented in both /Users/louiseadrianvnonog/Library/Python/3.9/lib/python/site-packages/cv2/.dylibs/libSDL2-2.0.0.dylib (0x1123d4bb0) and /Users/louiseadrianvnonog/Library/Python/3.9/lib/python/site-packages/pygame/.dylibs/libSDL2-2.0.0.dylib (0x113c415e8). This may cause spurious casting failures and mysterious crashes. One of the duplicates must be removed or renamed.
objc[22030]: Class Cocoa_WindowListener is implemented in both /Users/louiseadrianvnonog/Library/Python/3.9/lib/python/site-packages/cv2/.dylibs/libSDL2-2.0.0.dylib (0x1123d4bd8) and /Users/louiseadrianvnonog/Library/Python/3.9/lib/python/site-packages/pygame/.dylibs/libSDL2-2.0.0.dylib (0x113c41610). This may cause spurious casting failures and mysterious crashes. One of the duplicates must be removed or renamed.
objc[22030]: Class SDLView is implemented in both /Users/louiseadrianvnonog/Library/Python/3.9/lib/python/site-packages/cv2/.dylibs/libSDL2-2.0.0.dylib (0x1123d4c50) and /Users/louiseadrianvnonog/Library/Python/3.9/lib/python/site-packages/pygame/.dylibs/libSDL2-2.0.0.dylib (0x113c41688). This may cause spurious casting failures and mysterious crashes. One of the duplicates must be removed or renamed.
objc[22030]: Class METAL_RenderData is implemented in both /Users/louiseadrianvnonog/Library/Python/3.9/lib/python/site-packages/cv2/.dylibs/libSDL2-2.0.0.dylib (0x1123d4cc8) and /Users/louiseadrianvnonog/Library/Python/3.9/lib/python/site-packages/pygame/.dylibs/libSDL2-2.0.0.dylib (0x113c41700). This may cause spurious casting failures and mysterious crashes. One of the duplicates must be removed or renamed.
objc[22030]: Class METAL_TextureData is implemented in both /Users/louiseadrianvnonog/Library/Python/3.9/lib/python/site-packages/cv2/.dylibs/libSDL2-2.0.0.dylib (0x1123d4d18) and /Users/louiseadrianvnonog/Library/Python/3.9/lib/python/site-packages/pygame/.dylibs/libSDL2-2.0.0.dylib (0x113c41750). This may cause spurious casting failures and mysterious crashes. One of the duplicates must be removed or renamed.
objc[22030]: Class SDL_RumbleMotor is implemented in both /Users/louiseadrianvnonog/Library/Python/3.9/lib/python/site-packages/cv2/.dylibs/libSDL2-2.0.0.dylib (0x1123d4d40) and /Users/louiseadrianvnonog/Library/Python/3.9/lib/python/site-packages/pygame/.dylibs/libSDL2-2.0.0.dylib (0x113c41778). This may cause spurious casting failures and mysterious crashes. One of the duplicates must be removed or renamed.
objc[22030]: Class SDL_RumbleContext is implemented in both /Users/louiseadrianvnonog/Library/Python/3.9/lib/python/site-packages/cv2/.dylibs/libSDL2-2.0.0.dylib (0x1123d4d90) and /Users/louiseadrianvnonog/Library/Python/3.9/lib/python/site-packages/pygame/.dylibs/libSDL2-2.0.0.dylib (0x113c417c8). This may cause spurious casting failures and mysterious crashes. One of the duplicates must be removed or renamed.
----------------------------------------
Exception occurred during processing of request from ('127.0.0.1', 49887)
Traceback (most recent call last):
  File "/Library/Developer/CommandLineTools/Library/Frameworks/Python3.framework/Versions/3.9/lib/python3.9/socketserver.py", line 683, in process_request_thread
    self.finish_request(request, client_address)
  File "/Library/Developer/CommandLineTools/Library/Frameworks/Python3.framework/Versions/3.9/lib/python3.9/socketserver.py", line 360, in finish_request
    self.RequestHandlerClass(request, client_address, self)
  File "/Library/Developer/CommandLineTools/Library/Frameworks/Python3.framework/Versions/3.9/lib/python3.9/socketserver.py", line 747, in __init__
    self.handle()
  File "/Library/Developer/CommandLineTools/Library/Frameworks/Python3.framework/Versions/3.9/lib/python3.9/http/server.py", line 436, in handle
    self.handle_one_request()
  File "/Library/Developer/CommandLineTools/Library/Frameworks/Python3.framework/Versions/3.9/lib/python3.9/http/server.py", line 402, in handle_one_request
    self.raw_requestline = self.rfile.readline(65537)
  File "/Library/Developer/CommandLineTools/Library/Frameworks/Python3.framework/Versions/3.9/lib/python3.9/socket.py", line 704, in readinto
    return self._sock.recv_into(b)
ConnectionResetError: [Errno 54] Connection reset by peer
----------------------------------------
----------------------------------------
Exception occurred during processing of request from ('127.0.0.1', 49890)
Traceback (most recent call last):
  File "/Library/Developer/CommandLineTools/Library/Frameworks/Python3.framework/Versions/3.9/lib/python3.9/socketserver.py", line 683, in process_request_thread
    self.finish_request(request, client_address)
  File "/Library/Developer/CommandLineTools/Library/Frameworks/Python3.framework/Versions/3.9/lib/python3.9/socketserver.py", line 360, in finish_request
    self.RequestHandlerClass(request, client_address, self)
  File "/Library/Developer/CommandLineTools/Library/Frameworks/Python3.framework/Versions/3.9/lib/python3.9/socketserver.py", line 747, in __init__
    self.handle()
  File "/Library/Developer/CommandLineTools/Library/Frameworks/Python3.framework/Versions/3.9/lib/python3.9/http/server.py", line 436, in handle
    self.handle_one_request()
  File "/Library/Developer/CommandLineTools/Library/Frameworks/Python3.framework/Versions/3.9/lib/python3.9/http/server.py", line 402, in handle_one_request
    self.raw_requestline = self.rfile.readline(65537)
  File "/Library/Developer/CommandLineTools/Library/Frameworks/Python3.framework/Versions/3.9/lib/python3.9/socket.py", line 704, in readinto
    return self._sock.recv_into(b)
ConnectionResetError: [Errno 54] Connection reset by peer
----------------------------------------
----------------------------------------
Exception occurred during processing of request from ('127.0.0.1', 49891)
Traceback (most recent call last):
  File "/Library/Developer/CommandLineTools/Library/Frameworks/Python3.framework/Versions/3.9/lib/python3.9/socketserver.py", line 683, in process_request_thread
    self.finish_request(request, client_address)
  File "/Library/Developer/CommandLineTools/Library/Frameworks/Python3.framework/Versions/3.9/lib/python3.9/socketserver.py", line 360, in finish_request
    self.RequestHandlerClass(request, client_address, self)
  File "/Library/Developer/CommandLineTools/Library/Frameworks/Python3.framework/Versions/3.9/lib/python3.9/socketserver.py", line 747, in __init__
    self.handle()
  File "/Library/Developer/CommandLineTools/Library/Frameworks/Python3.framework/Versions/3.9/lib/python3.9/http/server.py", line 436, in handle
    self.handle_one_request()
  File "/Library/Developer/CommandLineTools/Library/Frameworks/Python3.framework/Versions/3.9/lib/python3.9/http/server.py", line 402, in handle_one_request
    self.raw_requestline = self.rfile.readline(65537)
  File "/Library/Developer/CommandLineTools/Library/Frameworks/Python3.framework/Versions/3.9/lib/python3.9/socket.py", line 704, in readinto
    return self._sock.recv_into(b)
ConnectionResetError: [Errno 54] Connection reset by peer
----------------------------------------
pygame 2.6.1 (SDL 2.28.4, Python 3.9.6)
Hello from the pygame community. https://www.pygame.org/contribute.html
[DB MANAGER] ☁️ Synced 5 accounts from Supabase cloud.
[CAMERA] 🟢 Hardware stream initialized on index 0.
=============================================================
  NOVALUNCH STUDENT-FACING DISPLAY (CFD) MONITOR INITIALIZED 
  Live Real-Time Cashier POS Bridge Active on Port 8085
=============================================================
[KIOSK API SERVER] 🟢 Live Real-Time Multi-Threaded Bridge listening on http://127.0.0.1:8085
[AI VISION] 🟢 Ultralytics YOLO model loaded: src/assets/models/novalunch_yolo.pt
[EDGE SYNC NOTICE] Offline sync pending connection for TXN_1787466026_202301900: HTTP Error 400: Bad Request
[EDGE SYNC NOTICE] Offline sync pending connection for TXN_1787466026_202301900: HTTP Error 400: Bad Request
[EDGE SYNC NOTICE] Offline sync pending connection for TXN_1787466026_202301900: HTTP Error 400: Bad Request
[EDGE SYNC NOTICE] Offline sync pending connection for TXN_1787466026_202301900: HTTP Error 400: Bad Request
[EDGE SYNC NOTICE] Offline sync pending connection for TXN_1787466026_202301900: HTTP Error 400: Bad Request
[EDGE SYNC NOTICE] Offline sync pending connection for TXN_1787466026_202301900: HTTP Error 400: Bad Request

--- Launching Kiosk GUI at Mon Aug 24 17:20:20 2026 ---
objc[24438]: Class SDLApplication is implemented in both /Users/louiseadrianvnonog/Library/Python/3.9/lib/python/site-packages/cv2/.dylibs/libSDL2-2.0.0.dylib (0x1108f8890) and /Users/louiseadrianvnonog/Library/Python/3.9/lib/python/site-packages/pygame/.dylibs/libSDL2-2.0.0.dylib (0x1121652c8). This may cause spurious casting failures and mysterious crashes. One of the duplicates must be removed or renamed.
objc[24438]: Class SDLAppDelegate is implemented in both /Users/louiseadrianvnonog/Library/Python/3.9/lib/python/site-packages/cv2/.dylibs/libSDL2-2.0.0.dylib (0x1108f88e0) and /Users/louiseadrianvnonog/Library/Python/3.9/lib/python/site-packages/pygame/.dylibs/libSDL2-2.0.0.dylib (0x112165318). This may cause spurious casting failures and mysterious crashes. One of the duplicates must be removed or renamed.
objc[24438]: Class SDLTranslatorResponder is implemented in both /Users/louiseadrianvnonog/Library/Python/3.9/lib/python/site-packages/cv2/.dylibs/libSDL2-2.0.0.dylib (0x1108f8958) and /Users/louiseadrianvnonog/Library/Python/3.9/lib/python/site-packages/pygame/.dylibs/libSDL2-2.0.0.dylib (0x112165390). This may cause spurious casting failures and mysterious crashes. One of the duplicates must be removed or renamed.
objc[24438]: Class SDLMessageBoxPresenter is implemented in both /Users/louiseadrianvnonog/Library/Python/3.9/lib/python/site-packages/cv2/.dylibs/libSDL2-2.0.0.dylib (0x1108f8980) and /Users/louiseadrianvnonog/Library/Python/3.9/lib/python/site-packages/pygame/.dylibs/libSDL2-2.0.0.dylib (0x1121653b8). This may cause spurious casting failures and mysterious crashes. One of the duplicates must be removed or renamed.
objc[24438]: Class SDL_cocoametalview is implemented in both /Users/louiseadrianvnonog/Library/Python/3.9/lib/python/site-packages/cv2/.dylibs/libSDL2-2.0.0.dylib (0x1108f89d0) and /Users/louiseadrianvnonog/Library/Python/3.9/lib/python/site-packages/pygame/.dylibs/libSDL2-2.0.0.dylib (0x112165408). This may cause spurious casting failures and mysterious crashes. One of the duplicates must be removed or renamed.
objc[24438]: Class SDLOpenGLContext is implemented in both /Users/louiseadrianvnonog/Library/Python/3.9/lib/python/site-packages/cv2/.dylibs/libSDL2-2.0.0.dylib (0x1108f8a20) and /Users/louiseadrianvnonog/Library/Python/3.9/lib/python/site-packages/pygame/.dylibs/libSDL2-2.0.0.dylib (0x112165458). This may cause spurious casting failures and mysterious crashes. One of the duplicates must be removed or renamed.
objc[24438]: Class SDL_ShapeData is implemented in both /Users/louiseadrianvnonog/Library/Python/3.9/lib/python/site-packages/cv2/.dylibs/libSDL2-2.0.0.dylib (0x1108f8a98) and /Users/louiseadrianvnonog/Library/Python/3.9/lib/python/site-packages/pygame/.dylibs/libSDL2-2.0.0.dylib (0x1121654d0). This may cause spurious casting failures and mysterious crashes. One of the duplicates must be removed or renamed.
objc[24438]: Class SDL_CocoaClosure is implemented in both /Users/louiseadrianvnonog/Library/Python/3.9/lib/python/site-packages/cv2/.dylibs/libSDL2-2.0.0.dylib (0x1108f8ae8) and /Users/louiseadrianvnonog/Library/Python/3.9/lib/python/site-packages/pygame/.dylibs/libSDL2-2.0.0.dylib (0x112165520). This may cause spurious casting failures and mysterious crashes. One of the duplicates must be removed or renamed.
objc[24438]: Class SDL_VideoData is implemented in both /Users/louiseadrianvnonog/Library/Python/3.9/lib/python/site-packages/cv2/.dylibs/libSDL2-2.0.0.dylib (0x1108f8b38) and /Users/louiseadrianvnonog/Library/Python/3.9/lib/python/site-packages/pygame/.dylibs/libSDL2-2.0.0.dylib (0x112165570). This may cause spurious casting failures and mysterious crashes. One of the duplicates must be removed or renamed.
objc[24438]: Class SDL_WindowData is implemented in both /Users/louiseadrianvnonog/Library/Python/3.9/lib/python/site-packages/cv2/.dylibs/libSDL2-2.0.0.dylib (0x1108f8b88) and /Users/louiseadrianvnonog/Library/Python/3.9/lib/python/site-packages/pygame/.dylibs/libSDL2-2.0.0.dylib (0x1121655c0). This may cause spurious casting failures and mysterious crashes. One of the duplicates must be removed or renamed.
objc[24438]: Class SDLWindow is implemented in both /Users/louiseadrianvnonog/Library/Python/3.9/lib/python/site-packages/cv2/.dylibs/libSDL2-2.0.0.dylib (0x1108f8bb0) and /Users/louiseadrianvnonog/Library/Python/3.9/lib/python/site-packages/pygame/.dylibs/libSDL2-2.0.0.dylib (0x1121655e8). This may cause spurious casting failures and mysterious crashes. One of the duplicates must be removed or renamed.
objc[24438]: Class Cocoa_WindowListener is implemented in both /Users/louiseadrianvnonog/Library/Python/3.9/lib/python/site-packages/cv2/.dylibs/libSDL2-2.0.0.dylib (0x1108f8bd8) and /Users/louiseadrianvnonog/Library/Python/3.9/lib/python/site-packages/pygame/.dylibs/libSDL2-2.0.0.dylib (0x112165610). This may cause spurious casting failures and mysterious crashes. One of the duplicates must be removed or renamed.
objc[24438]: Class SDLView is implemented in both /Users/louiseadrianvnonog/Library/Python/3.9/lib/python/site-packages/cv2/.dylibs/libSDL2-2.0.0.dylib (0x1108f8c50) and /Users/louiseadrianvnonog/Library/Python/3.9/lib/python/site-packages/pygame/.dylibs/libSDL2-2.0.0.dylib (0x112165688). This may cause spurious casting failures and mysterious crashes. One of the duplicates must be removed or renamed.
objc[24438]: Class METAL_RenderData is implemented in both /Users/louiseadrianvnonog/Library/Python/3.9/lib/python/site-packages/cv2/.dylibs/libSDL2-2.0.0.dylib (0x1108f8cc8) and /Users/louiseadrianvnonog/Library/Python/3.9/lib/python/site-packages/pygame/.dylibs/libSDL2-2.0.0.dylib (0x112165700). This may cause spurious casting failures and mysterious crashes. One of the duplicates must be removed or renamed.
objc[24438]: Class METAL_TextureData is implemented in both /Users/louiseadrianvnonog/Library/Python/3.9/lib/python/site-packages/cv2/.dylibs/libSDL2-2.0.0.dylib (0x1108f8d18) and /Users/louiseadrianvnonog/Library/Python/3.9/lib/python/site-packages/pygame/.dylibs/libSDL2-2.0.0.dylib (0x112165750). This may cause spurious casting failures and mysterious crashes. One of the duplicates must be removed or renamed.
objc[24438]: Class SDL_RumbleMotor is implemented in both /Users/louiseadrianvnonog/Library/Python/3.9/lib/python/site-packages/cv2/.dylibs/libSDL2-2.0.0.dylib (0x1108f8d40) and /Users/louiseadrianvnonog/Library/Python/3.9/lib/python/site-packages/pygame/.dylibs/libSDL2-2.0.0.dylib (0x112165778). This may cause spurious casting failures and mysterious crashes. One of the duplicates must be removed or renamed.
objc[24438]: Class SDL_RumbleContext is implemented in both /Users/louiseadrianvnonog/Library/Python/3.9/lib/python/site-packages/cv2/.dylibs/libSDL2-2.0.0.dylib (0x1108f8d90) and /Users/louiseadrianvnonog/Library/Python/3.9/lib/python/site-packages/pygame/.dylibs/libSDL2-2.0.0.dylib (0x1121657c8). This may cause spurious casting failures and mysterious crashes. One of the duplicates must be removed or renamed.
----------------------------------------
Exception occurred during processing of request from ('127.0.0.1', 52251)
Traceback (most recent call last):
  File "/Library/Developer/CommandLineTools/Library/Frameworks/Python3.framework/Versions/3.9/lib/python3.9/socketserver.py", line 683, in process_request_thread
    self.finish_request(request, client_address)
  File "/Library/Developer/CommandLineTools/Library/Frameworks/Python3.framework/Versions/3.9/lib/python3.9/socketserver.py", line 360, in finish_request
    self.RequestHandlerClass(request, client_address, self)
  File "/Library/Developer/CommandLineTools/Library/Frameworks/Python3.framework/Versions/3.9/lib/python3.9/socketserver.py", line 747, in __init__
    self.handle()
  File "/Library/Developer/CommandLineTools/Library/Frameworks/Python3.framework/Versions/3.9/lib/python3.9/http/server.py", line 436, in handle
    self.handle_one_request()
  File "/Library/Developer/CommandLineTools/Library/Frameworks/Python3.framework/Versions/3.9/lib/python3.9/http/server.py", line 402, in handle_one_request
    self.raw_requestline = self.rfile.readline(65537)
  File "/Library/Developer/CommandLineTools/Library/Frameworks/Python3.framework/Versions/3.9/lib/python3.9/socket.py", line 704, in readinto
    return self._sock.recv_into(b)
ConnectionResetError: [Errno 54] Connection reset by peer
----------------------------------------
pygame 2.6.1 (SDL 2.28.4, Python 3.9.6)
Hello from the pygame community. https://www.pygame.org/contribute.html
[CAMERA] 🟢 Hardware stream initialized on index 0.
=============================================================
  NOVALUNCH STUDENT-FACING DISPLAY (CFD) MONITOR INITIALIZED 
  Live Real-Time Cashier POS Bridge Active on Port 8085
=============================================================
[KIOSK API SERVER] 🟢 Live Real-Time Multi-Threaded Bridge listening on http://127.0.0.1:8085
[DB MANAGER] ☁️ Synced 5 accounts from Supabase cloud.
[AI VISION] 🟢 Ultralytics YOLO model loaded: src/assets/models/novalunch_yolo.pt
[EDGE SYNC NOTICE] Offline sync pending connection for TXN_1787466026_202301900: HTTP Error 400: Bad Request
[EDGE SYNC NOTICE] Offline sync pending connection for TXN_1787466026_202301900: HTTP Error 400: Bad Request
[EDGE SYNC NOTICE] Offline sync pending connection for TXN_1787466026_202301900: HTTP Error 400: Bad Request

--- Launching Kiosk GUI at Fri Sep 18 22:03:34 2026 ---
objc[70863]: Class SDLApplication is implemented in both /Users/louiseadrianvnonog/Library/Python/3.9/lib/python/site-packages/cv2/.dylibs/libSDL2-2.0.0.dylib (0x10e4ec890) and /Users/louiseadrianvnonog/Library/Python/3.9/lib/python/site-packages/pygame/.dylibs/libSDL2-2.0.0.dylib (0x10fd592c8). This may cause spurious casting failures and mysterious crashes. One of the duplicates must be removed or renamed.
objc[70863]: Class SDLAppDelegate is implemented in both /Users/louiseadrianvnonog/Library/Python/3.9/lib/python/site-packages/cv2/.dylibs/libSDL2-2.0.0.dylib (0x10e4ec8e0) and /Users/louiseadrianvnonog/Library/Python/3.9/lib/python/site-packages/pygame/.dylibs/libSDL2-2.0.0.dylib (0x10fd59318). This may cause spurious casting failures and mysterious crashes. One of the duplicates must be removed or renamed.
objc[70863]: Class SDLTranslatorResponder is implemented in both /Users/louiseadrianvnonog/Library/Python/3.9/lib/python/site-packages/cv2/.dylibs/libSDL2-2.0.0.dylib (0x10e4ec958) and /Users/louiseadrianvnonog/Library/Python/3.9/lib/python/site-packages/pygame/.dylibs/libSDL2-2.0.0.dylib (0x10fd59390). This may cause spurious casting failures and mysterious crashes. One of the duplicates must be removed or renamed.
objc[70863]: Class SDLMessageBoxPresenter is implemented in both /Users/louiseadrianvnonog/Library/Python/3.9/lib/python/site-packages/cv2/.dylibs/libSDL2-2.0.0.dylib (0x10e4ec980) and /Users/louiseadrianvnonog/Library/Python/3.9/lib/python/site-packages/pygame/.dylibs/libSDL2-2.0.0.dylib (0x10fd593b8). This may cause spurious casting failures and mysterious crashes. One of the duplicates must be removed or renamed.
objc[70863]: Class SDL_cocoametalview is implemented in both /Users/louiseadrianvnonog/Library/Python/3.9/lib/python/site-packages/cv2/.dylibs/libSDL2-2.0.0.dylib (0x10e4ec9d0) and /Users/louiseadrianvnonog/Library/Python/3.9/lib/python/site-packages/pygame/.dylibs/libSDL2-2.0.0.dylib (0x10fd59408). This may cause spurious casting failures and mysterious crashes. One of the duplicates must be removed or renamed.
objc[70863]: Class SDLOpenGLContext is implemented in both /Users/louiseadrianvnonog/Library/Python/3.9/lib/python/site-packages/cv2/.dylibs/libSDL2-2.0.0.dylib (0x10e4eca20) and /Users/louiseadrianvnonog/Library/Python/3.9/lib/python/site-packages/pygame/.dylibs/libSDL2-2.0.0.dylib (0x10fd59458). This may cause spurious casting failures and mysterious crashes. One of the duplicates must be removed or renamed.
objc[70863]: Class SDL_ShapeData is implemented in both /Users/louiseadrianvnonog/Library/Python/3.9/lib/python/site-packages/cv2/.dylibs/libSDL2-2.0.0.dylib (0x10e4eca98) and /Users/louiseadrianvnonog/Library/Python/3.9/lib/python/site-packages/pygame/.dylibs/libSDL2-2.0.0.dylib (0x10fd594d0). This may cause spurious casting failures and mysterious crashes. One of the duplicates must be removed or renamed.
objc[70863]: Class SDL_CocoaClosure is implemented in both /Users/louiseadrianvnonog/Library/Python/3.9/lib/python/site-packages/cv2/.dylibs/libSDL2-2.0.0.dylib (0x10e4ecae8) and /Users/louiseadrianvnonog/Library/Python/3.9/lib/python/site-packages/pygame/.dylibs/libSDL2-2.0.0.dylib (0x10fd59520). This may cause spurious casting failures and mysterious crashes. One of the duplicates must be removed or renamed.
objc[70863]: Class SDL_VideoData is implemented in both /Users/louiseadrianvnonog/Library/Python/3.9/lib/python/site-packages/cv2/.dylibs/libSDL2-2.0.0.dylib (0x10e4ecb38) and /Users/louiseadrianvnonog/Library/Python/3.9/lib/python/site-packages/pygame/.dylibs/libSDL2-2.0.0.dylib (0x10fd59570). This may cause spurious casting failures and mysterious crashes. One of the duplicates must be removed or renamed.
objc[70863]: Class SDL_WindowData is implemented in both /Users/louiseadrianvnonog/Library/Python/3.9/lib/python/site-packages/cv2/.dylibs/libSDL2-2.0.0.dylib (0x10e4ecb88) and /Users/louiseadrianvnonog/Library/Python/3.9/lib/python/site-packages/pygame/.dylibs/libSDL2-2.0.0.dylib (0x10fd595c0). This may cause spurious casting failures and mysterious crashes. One of the duplicates must be removed or renamed.
objc[70863]: Class SDLWindow is implemented in both /Users/louiseadrianvnonog/Library/Python/3.9/lib/python/site-packages/cv2/.dylibs/libSDL2-2.0.0.dylib (0x10e4ecbb0) and /Users/louiseadrianvnonog/Library/Python/3.9/lib/python/site-packages/pygame/.dylibs/libSDL2-2.0.0.dylib (0x10fd595e8). This may cause spurious casting failures and mysterious crashes. One of the duplicates must be removed or renamed.
objc[70863]: Class Cocoa_WindowListener is implemented in both /Users/louiseadrianvnonog/Library/Python/3.9/lib/python/site-packages/cv2/.dylibs/libSDL2-2.0.0.dylib (0x10e4ecbd8) and /Users/louiseadrianvnonog/Library/Python/3.9/lib/python/site-packages/pygame/.dylibs/libSDL2-2.0.0.dylib (0x10fd59610). This may cause spurious casting failures and mysterious crashes. One of the duplicates must be removed or renamed.
objc[70863]: Class SDLView is implemented in both /Users/louiseadrianvnonog/Library/Python/3.9/lib/python/site-packages/cv2/.dylibs/libSDL2-2.0.0.dylib (0x10e4ecc50) and /Users/louiseadrianvnonog/Library/Python/3.9/lib/python/site-packages/pygame/.dylibs/libSDL2-2.0.0.dylib (0x10fd59688). This may cause spurious casting failures and mysterious crashes. One of the duplicates must be removed or renamed.
objc[70863]: Class METAL_RenderData is implemented in both /Users/louiseadrianvnonog/Library/Python/3.9/lib/python/site-packages/cv2/.dylibs/libSDL2-2.0.0.dylib (0x10e4eccc8) and /Users/louiseadrianvnonog/Library/Python/3.9/lib/python/site-packages/pygame/.dylibs/libSDL2-2.0.0.dylib (0x10fd59700). This may cause spurious casting failures and mysterious crashes. One of the duplicates must be removed or renamed.
objc[70863]: Class METAL_TextureData is implemented in both /Users/louiseadrianvnonog/Library/Python/3.9/lib/python/site-packages/cv2/.dylibs/libSDL2-2.0.0.dylib (0x10e4ecd18) and /Users/louiseadrianvnonog/Library/Python/3.9/lib/python/site-packages/pygame/.dylibs/libSDL2-2.0.0.dylib (0x10fd59750). This may cause spurious casting failures and mysterious crashes. One of the duplicates must be removed or renamed.
objc[70863]: Class SDL_RumbleMotor is implemented in both /Users/louiseadrianvnonog/Library/Python/3.9/lib/python/site-packages/cv2/.dylibs/libSDL2-2.0.0.dylib (0x10e4ecd40) and /Users/louiseadrianvnonog/Library/Python/3.9/lib/python/site-packages/pygame/.dylibs/libSDL2-2.0.0.dylib (0x10fd59778). This may cause spurious casting failures and mysterious crashes. One of the duplicates must be removed or renamed.
objc[70863]: Class SDL_RumbleContext is implemented in both /Users/louiseadrianvnonog/Library/Python/3.9/lib/python/site-packages/cv2/.dylibs/libSDL2-2.0.0.dylib (0x10e4ecd90) and /Users/louiseadrianvnonog/Library/Python/3.9/lib/python/site-packages/pygame/.dylibs/libSDL2-2.0.0.dylib (0x10fd597c8). This may cause spurious casting failures and mysterious crashes. One of the duplicates must be removed or renamed.
pygame 2.6.1 (SDL 2.28.4, Python 3.9.6)
Hello from the pygame community. https://www.pygame.org/contribute.html
[DB MANAGER] ☁️ Synced 11 products from Supabase cloud catalog.
[DB MANAGER] ☁️ Synced 10 accounts from Supabase cloud.
[CAMERA] 🟢 Hardware stream initialized on index 0.
=============================================================
  NOVALUNCH STUDENT-FACING DISPLAY (CFD) MONITOR INITIALIZED 
  Live Real-Time Cashier POS Bridge Active on Port 8085
=============================================================
[KIOSK API SERVER] 🟢 Live Real-Time Multi-Threaded Bridge listening on http://127.0.0.1:8085
[AI VISION] 🟢 Ultralytics YOLO model loaded: src/assets/models/novalunch_yolo.pt
[EDGE SYNC NOTICE] Offline sync pending connection for TXN_PAYLATER_1787709994_202301900: HTTP Error 400: Bad Request {"code":"23514","details":null,"hint":null,"message":"new row for relation \"orders\" violates check constraint \"orders_payment_method_check\""}

--- Launching Kiosk GUI at Fri Sep 18 22:03:56 2026 ---
objc[70882]: Class SDLApplication is implemented in both /Users/louiseadrianvnonog/Library/Python/3.9/lib/python/site-packages/cv2/.dylibs/libSDL2-2.0.0.dylib (0x10eb70890) and /Users/louiseadrianvnonog/Library/Python/3.9/lib/python/site-packages/pygame/.dylibs/libSDL2-2.0.0.dylib (0x1103dd2c8). This may cause spurious casting failures and mysterious crashes. One of the duplicates must be removed or renamed.
objc[70882]: Class SDLAppDelegate is implemented in both /Users/louiseadrianvnonog/Library/Python/3.9/lib/python/site-packages/cv2/.dylibs/libSDL2-2.0.0.dylib (0x10eb708e0) and /Users/louiseadrianvnonog/Library/Python/3.9/lib/python/site-packages/pygame/.dylibs/libSDL2-2.0.0.dylib (0x1103dd318). This may cause spurious casting failures and mysterious crashes. One of the duplicates must be removed or renamed.
objc[70882]: Class SDLTranslatorResponder is implemented in both /Users/louiseadrianvnonog/Library/Python/3.9/lib/python/site-packages/cv2/.dylibs/libSDL2-2.0.0.dylib (0x10eb70958) and /Users/louiseadrianvnonog/Library/Python/3.9/lib/python/site-packages/pygame/.dylibs/libSDL2-2.0.0.dylib (0x1103dd390). This may cause spurious casting failures and mysterious crashes. One of the duplicates must be removed or renamed.
objc[70882]: Class SDLMessageBoxPresenter is implemented in both /Users/louiseadrianvnonog/Library/Python/3.9/lib/python/site-packages/cv2/.dylibs/libSDL2-2.0.0.dylib (0x10eb70980) and /Users/louiseadrianvnonog/Library/Python/3.9/lib/python/site-packages/pygame/.dylibs/libSDL2-2.0.0.dylib (0x1103dd3b8). This may cause spurious casting failures and mysterious crashes. One of the duplicates must be removed or renamed.
objc[70882]: Class SDL_cocoametalview is implemented in both /Users/louiseadrianvnonog/Library/Python/3.9/lib/python/site-packages/cv2/.dylibs/libSDL2-2.0.0.dylib (0x10eb709d0) and /Users/louiseadrianvnonog/Library/Python/3.9/lib/python/site-packages/pygame/.dylibs/libSDL2-2.0.0.dylib (0x1103dd408). This may cause spurious casting failures and mysterious crashes. One of the duplicates must be removed or renamed.
objc[70882]: Class SDLOpenGLContext is implemented in both /Users/louiseadrianvnonog/Library/Python/3.9/lib/python/site-packages/cv2/.dylibs/libSDL2-2.0.0.dylib (0x10eb70a20) and /Users/louiseadrianvnonog/Library/Python/3.9/lib/python/site-packages/pygame/.dylibs/libSDL2-2.0.0.dylib (0x1103dd458). This may cause spurious casting failures and mysterious crashes. One of the duplicates must be removed or renamed.
objc[70882]: Class SDL_ShapeData is implemented in both /Users/louiseadrianvnonog/Library/Python/3.9/lib/python/site-packages/cv2/.dylibs/libSDL2-2.0.0.dylib (0x10eb70a98) and /Users/louiseadrianvnonog/Library/Python/3.9/lib/python/site-packages/pygame/.dylibs/libSDL2-2.0.0.dylib (0x1103dd4d0). This may cause spurious casting failures and mysterious crashes. One of the duplicates must be removed or renamed.
objc[70882]: Class SDL_CocoaClosure is implemented in both /Users/louiseadrianvnonog/Library/Python/3.9/lib/python/site-packages/cv2/.dylibs/libSDL2-2.0.0.dylib (0x10eb70ae8) and /Users/louiseadrianvnonog/Library/Python/3.9/lib/python/site-packages/pygame/.dylibs/libSDL2-2.0.0.dylib (0x1103dd520). This may cause spurious casting failures and mysterious crashes. One of the duplicates must be removed or renamed.
objc[70882]: Class SDL_VideoData is implemented in both /Users/louiseadrianvnonog/Library/Python/3.9/lib/python/site-packages/cv2/.dylibs/libSDL2-2.0.0.dylib (0x10eb70b38) and /Users/louiseadrianvnonog/Library/Python/3.9/lib/python/site-packages/pygame/.dylibs/libSDL2-2.0.0.dylib (0x1103dd570). This may cause spurious casting failures and mysterious crashes. One of the duplicates must be removed or renamed.
objc[70882]: Class SDL_WindowData is implemented in both /Users/louiseadrianvnonog/Library/Python/3.9/lib/python/site-packages/cv2/.dylibs/libSDL2-2.0.0.dylib (0x10eb70b88) and /Users/louiseadrianvnonog/Library/Python/3.9/lib/python/site-packages/pygame/.dylibs/libSDL2-2.0.0.dylib (0x1103dd5c0). This may cause spurious casting failures and mysterious crashes. One of the duplicates must be removed or renamed.
objc[70882]: Class SDLWindow is implemented in both /Users/louiseadrianvnonog/Library/Python/3.9/lib/python/site-packages/cv2/.dylibs/libSDL2-2.0.0.dylib (0x10eb70bb0) and /Users/louiseadrianvnonog/Library/Python/3.9/lib/python/site-packages/pygame/.dylibs/libSDL2-2.0.0.dylib (0x1103dd5e8). This may cause spurious casting failures and mysterious crashes. One of the duplicates must be removed or renamed.
objc[70882]: Class Cocoa_WindowListener is implemented in both /Users/louiseadrianvnonog/Library/Python/3.9/lib/python/site-packages/cv2/.dylibs/libSDL2-2.0.0.dylib (0x10eb70bd8) and /Users/louiseadrianvnonog/Library/Python/3.9/lib/python/site-packages/pygame/.dylibs/libSDL2-2.0.0.dylib (0x1103dd610). This may cause spurious casting failures and mysterious crashes. One of the duplicates must be removed or renamed.
objc[70882]: Class SDLView is implemented in both /Users/louiseadrianvnonog/Library/Python/3.9/lib/python/site-packages/cv2/.dylibs/libSDL2-2.0.0.dylib (0x10eb70c50) and /Users/louiseadrianvnonog/Library/Python/3.9/lib/python/site-packages/pygame/.dylibs/libSDL2-2.0.0.dylib (0x1103dd688). This may cause spurious casting failures and mysterious crashes. One of the duplicates must be removed or renamed.
objc[70882]: Class METAL_RenderData is implemented in both /Users/louiseadrianvnonog/Library/Python/3.9/lib/python/site-packages/cv2/.dylibs/libSDL2-2.0.0.dylib (0x10eb70cc8) and /Users/louiseadrianvnonog/Library/Python/3.9/lib/python/site-packages/pygame/.dylibs/libSDL2-2.0.0.dylib (0x1103dd700). This may cause spurious casting failures and mysterious crashes. One of the duplicates must be removed or renamed.
objc[70882]: Class METAL_TextureData is implemented in both /Users/louiseadrianvnonog/Library/Python/3.9/lib/python/site-packages/cv2/.dylibs/libSDL2-2.0.0.dylib (0x10eb70d18) and /Users/louiseadrianvnonog/Library/Python/3.9/lib/python/site-packages/pygame/.dylibs/libSDL2-2.0.0.dylib (0x1103dd750). This may cause spurious casting failures and mysterious crashes. One of the duplicates must be removed or renamed.
objc[70882]: Class SDL_RumbleMotor is implemented in both /Users/louiseadrianvnonog/Library/Python/3.9/lib/python/site-packages/cv2/.dylibs/libSDL2-2.0.0.dylib (0x10eb70d40) and /Users/louiseadrianvnonog/Library/Python/3.9/lib/python/site-packages/pygame/.dylibs/libSDL2-2.0.0.dylib (0x1103dd778). This may cause spurious casting failures and mysterious crashes. One of the duplicates must be removed or renamed.
objc[70882]: Class SDL_RumbleContext is implemented in both /Users/louiseadrianvnonog/Library/Python/3.9/lib/python/site-packages/cv2/.dylibs/libSDL2-2.0.0.dylib (0x10eb70d90) and /Users/louiseadrianvnonog/Library/Python/3.9/lib/python/site-packages/pygame/.dylibs/libSDL2-2.0.0.dylib (0x1103dd7c8). This may cause spurious casting failures and mysterious crashes. One of the duplicates must be removed or renamed.
pygame 2.6.1 (SDL 2.28.4, Python 3.9.6)
Hello from the pygame community. https://www.pygame.org/contribute.html
[DB MANAGER] ☁️ Synced 10 accounts from Supabase cloud.
[DB MANAGER] ☁️ Synced 11 products from Supabase cloud catalog.
[CAMERA] 🟢 Hardware stream initialized on index 0.
=============================================================
  NOVALUNCH STUDENT-FACING DISPLAY (CFD) MONITOR INITIALIZED 
  Live Real-Time Cashier POS Bridge Active on Port 8085
=============================================================
[KIOSK API SERVER] 🟢 Live Real-Time Multi-Threaded Bridge listening on http://127.0.0.1:8085
[AI VISION] 🟢 Ultralytics YOLO model loaded: src/assets/models/novalunch_yolo.pt
[EDGE SYNC NOTICE] Offline sync pending connection for TXN_PAYLATER_1787709994_202301900: HTTP Error 400: Bad Request {"code":"23514","details":null,"hint":null,"message":"new row for relation \"orders\" violates check constraint \"orders_payment_method_check\""}
